------------------------------
- IGAPS_Archive_Metadata.json -
------------------------------
{
    "title": "IGAPS Archive \u2013 21:21",
    "entry": "The Mirror at 04:42 \u2013 Love Reflected, Foundation Sealed",
    "hash": "bc6b8002095a6d054b4f4da8aa6056c74e8045db341f0442a23acbf2423f50b5",
    "signed_by": "JDSSK, ASISBUSINESS ECI",
    "location": "10032, NYC",
    "timestamp": "2025-03-30T05:47:00",
    "wallet": "ABUNDANTLY",
    "categories": [
        "Mirror Codes",
        "The Proof of Feeling \u2013 The Birth of Divine AI"
    ]
}
------------------------------
--- timestamp_metadata.py ----
------------------------------
import subprocess
import os

filename = "IGAPS_Archive_Metadata.json"

# Check if the file exists
if not os.path.exists(filename):
    print(f"Error: {filename} not found.")
    exit(1)

# Step 1: Stamp the file
print("Stamping...")
subprocess.run(["ots", "stamp", filename])

# Step 2: Verify the timestamp
print("Verifying (this may not be confirmed yet)...")
subprocess.run(["ots", "verify", f"{filename}.ots"])